// Jest Snapshot v1, https://goo.gl/fbAQLP

exports[`Time utils should return each day of month 1`] = `
Array [
  2019-12-29T23:00:00.000Z,
  2019-12-30T23:00:00.000Z,
  2019-12-31T23:00:00.000Z,
  2020-01-01T23:00:00.000Z,
  2020-01-02T23:00:00.000Z,
  2020-01-03T23:00:00.000Z,
  2020-01-04T23:00:00.000Z,
  2020-01-05T23:00:00.000Z,
  2020-01-06T23:00:00.000Z,
  2020-01-07T23:00:00.000Z,
  2020-01-08T23:00:00.000Z,
  2020-01-09T23:00:00.000Z,
  2020-01-10T23:00:00.000Z,
  2020-01-11T23:00:00.000Z,
  2020-01-12T23:00:00.000Z,
  2020-01-13T23:00:00.000Z,
  2020-01-14T23:00:00.000Z,
  2020-01-15T23:00:00.000Z,
  2020-01-16T23:00:00.000Z,
  2020-01-17T23:00:00.000Z,
  2020-01-18T23:00:00.000Z,
  2020-01-19T23:00:00.000Z,
  2020-01-20T23:00:00.000Z,
  2020-01-21T23:00:00.000Z,
  2020-01-22T23:00:00.000Z,
  2020-01-23T23:00:00.000Z,
  2020-01-24T23:00:00.000Z,
  2020-01-25T23:00:00.000Z,
  2020-01-26T23:00:00.000Z,
  2020-01-27T23:00:00.000Z,
  2020-01-28T23:00:00.000Z,
  2020-01-29T23:00:00.000Z,
  2020-01-30T23:00:00.000Z,
  2020-01-31T23:00:00.000Z,
  2020-02-01T23:00:00.000Z,
]
`;

exports[`Time utils should return each day of week 1`] = `
Array [
  2020-01-26T23:00:00.000Z,
  2020-01-27T23:00:00.000Z,
  2020-01-28T23:00:00.000Z,
  2020-01-29T23:00:00.000Z,
  2020-01-30T23:00:00.000Z,
  2020-01-31T23:00:00.000Z,
  2020-02-01T23:00:00.000Z,
]
`;
