// Jest Snapshot v1, https://goo.gl/fbAQLP

exports[`Calendar week should return each day of week 1`] = `
Array [
  2020-01-26T23:00:00.000Z,
  2020-01-27T23:00:00.000Z,
  2020-01-28T23:00:00.000Z,
  2020-01-29T23:00:00.000Z,
  2020-01-30T23:00:00.000Z,
  2020-01-31T23:00:00.000Z,
  2020-02-01T23:00:00.000Z,
]
`;
